[INFO] Scanning for projects...
[INFO] ------------------------------------------------------------------------
[INFO] Reactor Build Order:
[INFO] 
[INFO] Auto-API-Generator                                                 [pom]
[INFO] Auto-API-Core                                                      [jar]
[INFO] Auto-API-Starter                                                   [jar]
[INFO] 
[INFO] --------------------< com.iflow:auto-api-generator >--------------------
[INFO] Building Auto-API-Generator 1.0.0-SNAPSHOT                         [1/3]
[INFO] --------------------------------[ pom ]---------------------------------
[INFO] 
[INFO] ----------------------< com.iflow:auto-api-core >-----------------------
[INFO] Building Auto-API-Core 1.0.0-SNAPSHOT                              [2/3]
[INFO] --------------------------------[ jar ]---------------------------------
[WARNING] The artifact mysql:mysql-connector-java:jar:8.0.33 has been relocated to com.mysql:mysql-connector-j:jar:8.0.33
[INFO] 
[INFO] --- maven-resources-plugin:3.3.1:resources (default-resources) @ auto-api-core ---
[INFO] Copying 1 resource from src\main\resources to target\classes
[INFO] 
[INFO] --- maven-compiler-plugin:3.11.0:compile (default-compile) @ auto-api-core ---
[INFO] Changes detected - recompiling the module! :source
[INFO] Compiling 34 source files with javac [debug target 1.8] to target\classes
[INFO] /D:/project/java/aicoding/item/nocodeiflow/auto-api-core/src/main/java/com.iflow/api/core/service/DynamicRouteRegistry.java: 某些输入文件使用或覆盖了已过时的 API。
[INFO] /D:/project/java/aicoding/item/nocodeiflow/auto-api-core/src/main/java/com.iflow/api/core/service/DynamicRouteRegistry.java: 有关详细信息, 请使用 -Xlint:deprecation 重新编译。
[INFO] /D:/project/java/aicoding/item/nocodeiflow/auto-api-core/src/main/java/com.iflow/api/core/service/DynamicController.java: D:\project\java\aicoding\item\nocodeiflow\auto-api-core\src\main\java\com.iflow\api\core\service\DynamicController.java使用了未经检查或不安全的操作。
[INFO] /D:/project/java/aicoding/item/nocodeiflow/auto-api-core/src/main/java/com.iflow/api/core/service/DynamicController.java: 有关详细信息, 请使用 -Xlint:unchecked 重新编译。
[INFO] 某些消息已经过简化; 请使用 -Xdiags:verbose 重新编译以获得完整输出
[INFO] -------------------------------------------------------------
[WARNING] COMPILATION WARNING : 
[INFO] -------------------------------------------------------------
[WARNING] 未与 -source 8 一起设置引导类路径
[WARNING] 源值 8 已过时，将在未来发行版中删除
[WARNING] 目标值 8 已过时，将在未来发行版中删除
[WARNING] 要隐藏有关已过时选项的警告, 请使用 -Xlint:-options。
[WARNING] /D:/project/java/aicoding/item/nocodeiflow/auto-api-core/src/main/java/com.iflow/api/core/graphql/GraphQLQueryResolver.java:[191,26] 从发行版 10 开始，'var' 是受限类型名称，不能用于类型声明，也不能用作数组的元素类型
[INFO] 5 warnings 
[INFO] -------------------------------------------------------------
[INFO] -------------------------------------------------------------
[ERROR] COMPILATION ERROR : 
[INFO] -------------------------------------------------------------
[ERROR] /D:/project/java/aicoding/item/nocodeiflow/auto-api-core/src/main/java/com.iflow/api/core/service/MetadataService.java:[43,13] 找不到符号
  符号:   类 DatasourceConfig
  位置: 类 com.iflow.api.core.service.MetadataService
[ERROR] /D:/project/java/aicoding/item/nocodeiflow/auto-api-core/src/main/java/com.iflow/api/core/service/MetadataService.java:[84,9] 找不到符号
  符号:   类 DatasourceConfig
  位置: 类 com.iflow.api.core.service.MetadataService
[ERROR] /D:/project/java/aicoding/item/nocodeiflow/auto-api-core/src/main/java/com.iflow/api/core/service/MetadataService.java:[319,18] 找不到符号
  符号:   变量 DatasourceConfig
  位置: 类 com.iflow.api.core.service.MetadataService
[ERROR] /D:/project/java/aicoding/item/nocodeiflow/auto-api-core/src/main/java/com.iflow/api/core/service/DynamicRouteRegistry.java:[327,52] 不兼容的类型: int无法转换为com.iflow.api.core.entity.ApiGenerationStatus
[ERROR] /D:/project/java/aicoding/item/nocodeiflow/auto-api-core/src/main/java/com.iflow/api/core/graphql/GraphQLSchemaGenerator.java:[140,13] 对于type(graphql.schema.GraphQLType), 找不到合适的方法
    方法 graphql.schema.GraphQLFieldDefinition.Builder.type(graphql.schema.GraphQLObjectType.Builder)不适用
      (参数不匹配; graphql.schema.GraphQLType无法转换为graphql.schema.GraphQLObjectType.Builder)
    方法 graphql.schema.GraphQLFieldDefinition.Builder.type(graphql.schema.GraphQLInterfaceType.Builder)不适用
      (参数不匹配; graphql.schema.GraphQLType无法转换为graphql.schema.GraphQLInterfaceType.Builder)
    方法 graphql.schema.GraphQLFieldDefinition.Builder.type(graphql.schema.GraphQLUnionType.Builder)不适用
      (参数不匹配; graphql.schema.GraphQLType无法转换为graphql.schema.GraphQLUnionType.Builder)
    方法 graphql.schema.GraphQLFieldDefinition.Builder.type(graphql.schema.GraphQLOutputType)不适用
      (参数不匹配; graphql.schema.GraphQLType无法转换为graphql.schema.GraphQLOutputType)
[ERROR] /D:/project/java/aicoding/item/nocodeiflow/auto-api-core/src/main/java/com.iflow/api/core/graphql/GraphQLSchemaGenerator.java:[141,32] 找不到符号
  符号:   方法 getRemarks()
  位置: 类型为com.iflow.api.core.dto.metadata.ColumnMeta的变量 column
[ERROR] /D:/project/java/aicoding/item/nocodeiflow/auto-api-core/src/main/java/com.iflow/api/core/graphql/GraphQLSchemaGenerator.java:[159,37] 找不到符号
  符号:   变量 GraphQLString
  位置: 类 com.iflow.api.core.graphql.GraphQLSchemaGenerator
[ERROR] /D:/project/java/aicoding/item/nocodeiflow/auto-api-core/src/main/java/com.iflow/api/core/graphql/GraphQLSchemaGenerator.java:[168,24] 找不到符号
  符号:   变量 GraphQLLong
  位置: 类 com.iflow.api.core.graphql.GraphQLSchemaGenerator
[ERROR] /D:/project/java/aicoding/item/nocodeiflow/auto-api-core/src/main/java/com.iflow/api/core/graphql/GraphQLSchemaGenerator.java:[172,24] 找不到符号
  符号:   变量 GraphQLFloat
  位置: 类 com.iflow.api.core.graphql.GraphQLSchemaGenerator
[ERROR] /D:/project/java/aicoding/item/nocodeiflow/auto-api-core/src/main/java/com.iflow/api/core/graphql/GraphQLSchemaGenerator.java:[174,24] 找不到符号
  符号:   变量 GraphQLBoolean
  位置: 类 com.iflow.api.core.graphql.GraphQLSchemaGenerator
[ERROR] /D:/project/java/aicoding/item/nocodeiflow/auto-api-core/src/main/java/com.iflow/api/core/graphql/GraphQLSchemaGenerator.java:[177,24] 找不到符号
  符号:   变量 GraphQLString
  位置: 类 com.iflow.api.core.graphql.GraphQLSchemaGenerator
[ERROR] /D:/project/java/aicoding/item/nocodeiflow/auto-api-core/src/main/java/com.iflow/api/core/graphql/GraphQLSchemaGenerator.java:[180,24] 找不到符号
  符号:   变量 GraphQLString
  位置: 类 com.iflow.api.core.graphql.GraphQLSchemaGenerator
[ERROR] /D:/project/java/aicoding/item/nocodeiflow/auto-api-core/src/main/java/com.iflow/api/core/graphql/GraphQLSchemaGenerator.java:[184,24] 找不到符号
  符号:   变量 GraphQLString
  位置: 类 com.iflow.api.core.graphql.GraphQLSchemaGenerator
[ERROR] /D:/project/java/aicoding/item/nocodeiflow/auto-api-core/src/main/java/com.iflow/api/core/graphql/GraphQLSchemaGenerator.java:[187,24] 找不到符号
  符号:   变量 GraphQLString
  位置: 类 com.iflow.api.core.graphql.GraphQLSchemaGenerator
[ERROR] /D:/project/java/aicoding/item/nocodeiflow/auto-api-core/src/main/java/com.iflow/api/core/graphql/GraphQLSchemaGenerator.java:[189,24] 找不到符号
  符号:   变量 GraphQLString
  位置: 类 com.iflow.api.core.graphql.GraphQLSchemaGenerator
[ERROR] /D:/project/java/aicoding/item/nocodeiflow/auto-api-core/src/main/java/com.iflow/api/core/graphql/GraphQLSchemaGenerator.java:[220,50] 找不到符号
  符号:   变量 GraphQLID
  位置: 类 com.iflow.api.core.graphql.GraphQLSchemaGenerator
[ERROR] /D:/project/java/aicoding/item/nocodeiflow/auto-api-core/src/main/java/com.iflow/api/core/graphql/GraphQLSchemaGenerator.java:[259,50] 找不到符号
  符号:   变量 GraphQLID
  位置: 类 com.iflow.api.core.graphql.GraphQLSchemaGenerator
[ERROR] /D:/project/java/aicoding/item/nocodeiflow/auto-api-core/src/main/java/com.iflow/api/core/graphql/GraphQLSchemaGenerator.java:[271,23] 找不到符号
  符号:   变量 GraphQLBoolean
  位置: 类 com.iflow.api.core.graphql.GraphQLSchemaGenerator
[ERROR] /D:/project/java/aicoding/item/nocodeiflow/auto-api-core/src/main/java/com.iflow/api/core/graphql/GraphQLSchemaGenerator.java:[274,50] 找不到符号
  符号:   变量 GraphQLID
  位置: 类 com.iflow.api.core.graphql.GraphQLSchemaGenerator
[ERROR] /D:/project/java/aicoding/item/nocodeiflow/auto-api-core/src/main/java/com.iflow/api/core/graphql/GraphQLSchemaGenerator.java:[301,21] 对于type(graphql.schema.GraphQLType), 找不到合适的方法
    方法 graphql.schema.GraphQLInputObjectField.Builder.type(graphql.schema.GraphQLInputObjectType.Builder)不适用
      (参数不匹配; graphql.schema.GraphQLType无法转换为graphql.schema.GraphQLInputObjectType.Builder)
    方法 graphql.schema.GraphQLInputObjectField.Builder.type(graphql.schema.GraphQLInputType)不适用
      (参数不匹配; graphql.schema.GraphQLType无法转换为graphql.schema.GraphQLInputType)
[ERROR] /D:/project/java/aicoding/item/nocodeiflow/auto-api-core/src/main/java/com.iflow/api/core/graphql/GraphQLSchemaGenerator.java:[337,21] 对于type(graphql.schema.GraphQLType), 找不到合适的方法
    方法 graphql.schema.GraphQLInputObjectField.Builder.type(graphql.schema.GraphQLInputObjectType.Builder)不适用
      (参数不匹配; graphql.schema.GraphQLType无法转换为graphql.schema.GraphQLInputObjectType.Builder)
    方法 graphql.schema.GraphQLInputObjectField.Builder.type(graphql.schema.GraphQLInputType)不适用
      (参数不匹配; graphql.schema.GraphQLType无法转换为graphql.schema.GraphQLInputType)
[ERROR] /D:/project/java/aicoding/item/nocodeiflow/auto-api-core/src/main/java/com.iflow/api/core/graphql/GraphQLSchemaGenerator.java:[357,37] 找不到符号
  符号:   方法 schemaSDL(graphql.schema.GraphQLSchema)
  位置: 类 graphql.schema.idl.SchemaGenerator
[ERROR] /D:/project/java/aicoding/item/nocodeiflow/auto-api-core/src/main/java/com.iflow/api/core/graphql/GraphQLSchemaGenerator.java:[368,9] 找不到符号
  符号:   类 TypeDefinitionRegistry
  位置: 类 com.iflow.api.core.graphql.GraphQLSchemaGenerator
[ERROR] /D:/project/java/aicoding/item/nocodeiflow/auto-api-core/src/main/java/com.iflow/api/core/graphql/GraphQLSchemaGenerator.java:[371,28] 不兼容的类型: com.iflow.api.core.graphql.AutoApiWiringFactory无法转换为graphql.schema.idl.WiringFactory
[ERROR] /D:/project/java/aicoding/item/nocodeiflow/auto-api-core/src/main/java/com.iflow/api/core/graphql/GraphQLQueryResolver.java:[191,22] 找不到符号
  符号:   类 var
  位置: 类 com.iflow.api.core.graphql.GraphQLQueryResolver
[ERROR] /D:/project/java/aicoding/item/nocodeiflow/auto-api-core/src/main/java/com.iflow/api/core/graphql/GraphQLQueryResolver.java:[345,35] 找不到符号
  符号:   方法 getName()
  位置: 接口 graphql.schema.GraphQLType
[ERROR] /D:/project/java/aicoding/item/nocodeiflow/auto-api-core/src/main/java/com.iflow/api/core/service/TableManagementService.java:[90,17] 找不到符号
  符号:   方法 setApiGenerated(boolean)
  位置: 类型为com.iflow.api.core.dto.view.TableInfo的变量 info
[ERROR] /D:/project/java/aicoding/item/nocodeiflow/auto-api-core/src/main/java/com.iflow/api/core/service/TableManagementService.java:[252,13] 找不到符号
  符号:   方法 orElseThrow(()->new Il[...]onId))
  位置: 类 com.iflow.api.core.entity.TableSelection
[ERROR] /D:/project/java/aicoding/item/nocodeiflow/auto-api-core/src/main/java/com.iflow/api/core/service/TableManagementService.java:[317,13] 找不到符号
  符号:   方法 setName(java.lang.String)
  位置: 类型为com.iflow.api.core.dto.view.TableInfo的变量 info
[ERROR] /D:/project/java/aicoding/item/nocodeiflow/auto-api-core/src/main/java/com.iflow/api/core/service/TableManagementService.java:[318,13] 找不到符号
  符号:   方法 setRemarks(java.lang.String)
  位置: 类型为com.iflow.api.core.dto.view.TableInfo的变量 info
[ERROR] /D:/project/java/aicoding/item/nocodeiflow/auto-api-core/src/main/java/com.iflow/api/core/service/TableManagementService.java:[319,13] 找不到符号
  符号:   方法 setType(java.lang.String)
  位置: 类型为com.iflow.api.core.dto.view.TableInfo的变量 info
[ERROR] /D:/project/java/aicoding/item/nocodeiflow/auto-api-core/src/main/java/com.iflow/api/core/service/TableManagementService.java:[320,13] 找不到符号
  符号:   方法 setCatalog(java.lang.String)
  位置: 类型为com.iflow.api.core.dto.view.TableInfo的变量 info
[ERROR] /D:/project/java/aicoding/item/nocodeiflow/auto-api-core/src/main/java/com.iflow/api/core/service/TableManagementService.java:[321,13] 找不到符号
  符号:   方法 setSchema(java.lang.String)
  位置: 类型为com.iflow.api.core.dto.view.TableInfo的变量 info
[ERROR] /D:/project/java/aicoding/item/nocodeiflow/auto-api-core/src/main/java/com.iflow/api/core/service/TableManagementService.java:[323,13] 不兼容的类型: 推论变量 T 具有不兼容的上限
    等式约束条件：com.iflow.api.core.dto.view.TableInfo.ColumnBrief
    下限：java.util.Map<java.lang.String,java.lang.Object>
[ERROR] /D:/project/java/aicoding/item/nocodeiflow/auto-api-core/src/main/java/com.iflow/api/core/service/TableManagementService.java:[357,64] 方法引用无效
  找不到符号
    符号:   方法 isSelected(T)
    位置: 类 com.iflow.api.core.entity.TableSelection
[ERROR] /D:/project/java/aicoding/item/nocodeiflow/auto-api-core/src/main/java/com.iflow/api/core/groovy/GroovyScriptEngine.java:[80,52] 不兼容的类型: capture#1, 共 ?无法转换为groovy.lang.Script
[ERROR] /D:/project/java/aicoding/item/nocodeiflow/auto-api-core/src/main/java/com.iflow/api/core/groovy/GroovyScriptEngine.java:[164,52] 不兼容的类型: capture#2, 共 ?无法转换为groovy.lang.Script
[ERROR] /D:/project/java/aicoding/item/nocodeiflow/auto-api-core/src/main/java/com.iflow/api/core/groovy/GroovyScriptEngine.java:[203,45] 不兼容的类型: capture#3, 共 ?无法转换为groovy.lang.Script
[ERROR] /D:/project/java/aicoding/item/nocodeiflow/auto-api-core/src/main/java/com.iflow/api/core/controller/DatasourceController.java:[45,68] 找不到符号
  符号:   方法 findAll()
  位置: 类型为com.iflow.api.core.repository.DatasourceConfigRepository的变量 datasourceConfigRepository
[ERROR] /D:/project/java/aicoding/item/nocodeiflow/auto-api-core/src/main/java/com.iflow/api/core/controller/DatasourceController.java:[75,60] 找不到符号
  符号:   方法 save(com.iflow.api.core.entity.DatasourceConfig)
  位置: 类型为com.iflow.api.core.repository.DatasourceConfigRepository的变量 datasourceConfigRepository
[ERROR] /D:/project/java/aicoding/item/nocodeiflow/auto-api-core/src/main/java/com.iflow/api/core/controller/DatasourceController.java:[104,60] 找不到符号
  符号:   方法 save(com.iflow.api.core.entity.DatasourceConfig)
  位置: 类型为com.iflow.api.core.repository.DatasourceConfigRepository的变量 datasourceConfigRepository
[ERROR] /D:/project/java/aicoding/item/nocodeiflow/auto-api-core/src/main/java/com.iflow/api/core/controller/DatasourceController.java:[117,73] 找不到符号
  符号:   方法 findById(java.lang.Long)
  位置: 类型为com.iflow.api.core.repository.DatasourceConfigRepository的变量 datasourceConfigRepository
[ERROR] /D:/project/java/aicoding/item/nocodeiflow/auto-api-core/src/main/java/com.iflow/api/core/controller/DatasourceController.java:[124,35] 找不到符号
  符号:   方法 save(com.iflow.api.core.entity.DatasourceConfig)
  位置: 类型为com.iflow.api.core.repository.DatasourceConfigRepository的变量 datasourceConfigRepository
[ERROR] /D:/project/java/aicoding/item/nocodeiflow/auto-api-core/src/main/java/com.iflow/api/core/controller/DatasourceController.java:[137,40] 找不到符号
  符号:   方法 existsById(java.lang.Long)
  位置: 类型为com.iflow.api.core.repository.DatasourceConfigRepository的变量 datasourceConfigRepository
[INFO] 44 errors 
[INFO] -------------------------------------------------------------
[INFO] ------------------------------------------------------------------------
[INFO] Reactor Summary for Auto-API-Generator 1.0.0-SNAPSHOT:
[INFO] 
[INFO] Auto-API-Generator ................................. SUCCESS [  0.069 s]
[INFO] Auto-API-Core ...................................... FAILURE [ 12.776 s]
[INFO] Auto-API-Starter ................................... SKIPPED
[INFO] ------------------------------------------------------------------------
[INFO] BUILD FAILURE
[INFO] ------------------------------------------------------------------------
[INFO] Total time:  13.079 s
[INFO] Finished at: 2026-01-21T17:35:31+08:00
[INFO] ------------------------------------------------------------------------
[ERROR] Failed to execute goal org.apache.maven.plugins:maven-compiler-plugin:3.11.0:compile (default-compile) on project auto-api-core: Compilation failure: Compilation failure: 
[ERROR] /D:/project/java/aicoding/item/nocodeiflow/auto-api-core/src/main/java/com.iflow/api/core/service/MetadataService.java:[43,13] 找不到符号
[ERROR]   符号:   类 DatasourceConfig
[ERROR]   位置: 类 com.iflow.api.core.service.MetadataService
[ERROR] /D:/project/java/aicoding/item/nocodeiflow/auto-api-core/src/main/java/com.iflow/api/core/service/MetadataService.java:[84,9] 找不到符号
[ERROR]   符号:   类 DatasourceConfig
[ERROR]   位置: 类 com.iflow.api.core.service.MetadataService
[ERROR] /D:/project/java/aicoding/item/nocodeiflow/auto-api-core/src/main/java/com.iflow/api/core/service/MetadataService.java:[319,18] 找不到符号
[ERROR]   符号:   变量 DatasourceConfig
[ERROR]   位置: 类 com.iflow.api.core.service.MetadataService
[ERROR] /D:/project/java/aicoding/item/nocodeiflow/auto-api-core/src/main/java/com.iflow/api/core/service/DynamicRouteRegistry.java:[327,52] 不兼容的类型: int无法转换为com.iflow.api.core.entity.ApiGenerationStatus
[ERROR] /D:/project/java/aicoding/item/nocodeiflow/auto-api-core/src/main/java/com.iflow/api/core/graphql/GraphQLSchemaGenerator.java:[140,13] 对于type(graphql.schema.GraphQLType), 找不到合适的方法
[ERROR]     方法 graphql.schema.GraphQLFieldDefinition.Builder.type(graphql.schema.GraphQLObjectType.Builder)不适用
[ERROR]       (参数不匹配; graphql.schema.GraphQLType无法转换为graphql.schema.GraphQLObjectType.Builder)
[ERROR]     方法 graphql.schema.GraphQLFieldDefinition.Builder.type(graphql.schema.GraphQLInterfaceType.Builder)不适用
[ERROR]       (参数不匹配; graphql.schema.GraphQLType无法转换为graphql.schema.GraphQLInterfaceType.Builder)
[ERROR]     方法 graphql.schema.GraphQLFieldDefinition.Builder.type(graphql.schema.GraphQLUnionType.Builder)不适用
[ERROR]       (参数不匹配; graphql.schema.GraphQLType无法转换为graphql.schema.GraphQLUnionType.Builder)
[ERROR]     方法 graphql.schema.GraphQLFieldDefinition.Builder.type(graphql.schema.GraphQLOutputType)不适用
[ERROR]       (参数不匹配; graphql.schema.GraphQLType无法转换为graphql.schema.GraphQLOutputType)
[ERROR] /D:/project/java/aicoding/item/nocodeiflow/auto-api-core/src/main/java/com.iflow/api/core/graphql/GraphQLSchemaGenerator.java:[141,32] 找不到符号
[ERROR]   符号:   方法 getRemarks()
[ERROR]   位置: 类型为com.iflow.api.core.dto.metadata.ColumnMeta的变量 column
[ERROR] /D:/project/java/aicoding/item/nocodeiflow/auto-api-core/src/main/java/com.iflow/api/core/graphql/GraphQLSchemaGenerator.java:[159,37] 找不到符号
[ERROR]   符号:   变量 GraphQLString
[ERROR]   位置: 类 com.iflow.api.core.graphql.GraphQLSchemaGenerator
[ERROR] /D:/project/java/aicoding/item/nocodeiflow/auto-api-core/src/main/java/com.iflow/api/core/graphql/GraphQLSchemaGenerator.java:[168,24] 找不到符号
[ERROR]   符号:   变量 GraphQLLong
[ERROR]   位置: 类 com.iflow.api.core.graphql.GraphQLSchemaGenerator
[ERROR] /D:/project/java/aicoding/item/nocodeiflow/auto-api-core/src/main/java/com.iflow/api/core/graphql/GraphQLSchemaGenerator.java:[172,24] 找不到符号
[ERROR]   符号:   变量 GraphQLFloat
[ERROR]   位置: 类 com.iflow.api.core.graphql.GraphQLSchemaGenerator
[ERROR] /D:/project/java/aicoding/item/nocodeiflow/auto-api-core/src/main/java/com.iflow/api/core/graphql/GraphQLSchemaGenerator.java:[174,24] 找不到符号
[ERROR]   符号:   变量 GraphQLBoolean
[ERROR]   位置: 类 com.iflow.api.core.graphql.GraphQLSchemaGenerator
[ERROR] /D:/project/java/aicoding/item/nocodeiflow/auto-api-core/src/main/java/com.iflow/api/core/graphql/GraphQLSchemaGenerator.java:[177,24] 找不到符号
[ERROR]   符号:   变量 GraphQLString
[ERROR]   位置: 类 com.iflow.api.core.graphql.GraphQLSchemaGenerator
[ERROR] /D:/project/java/aicoding/item/nocodeiflow/auto-api-core/src/main/java/com.iflow/api/core/graphql/GraphQLSchemaGenerator.java:[180,24] 找不到符号
[ERROR]   符号:   变量 GraphQLString
[ERROR]   位置: 类 com.iflow.api.core.graphql.GraphQLSchemaGenerator
[ERROR] /D:/project/java/aicoding/item/nocodeiflow/auto-api-core/src/main/java/com.iflow/api/core/graphql/GraphQLSchemaGenerator.java:[184,24] 找不到符号
[ERROR]   符号:   变量 GraphQLString
[ERROR]   位置: 类 com.iflow.api.core.graphql.GraphQLSchemaGenerator
[ERROR] /D:/project/java/aicoding/item/nocodeiflow/auto-api-core/src/main/java/com.iflow/api/core/graphql/GraphQLSchemaGenerator.java:[187,24] 找不到符号
[ERROR]   符号:   变量 GraphQLString
[ERROR]   位置: 类 com.iflow.api.core.graphql.GraphQLSchemaGenerator
[ERROR] /D:/project/java/aicoding/item/nocodeiflow/auto-api-core/src/main/java/com.iflow/api/core/graphql/GraphQLSchemaGenerator.java:[189,24] 找不到符号
[ERROR]   符号:   变量 GraphQLString
[ERROR]   位置: 类 com.iflow.api.core.graphql.GraphQLSchemaGenerator
[ERROR] /D:/project/java/aicoding/item/nocodeiflow/auto-api-core/src/main/java/com.iflow/api/core/graphql/GraphQLSchemaGenerator.java:[220,50] 找不到符号
[ERROR]   符号:   变量 GraphQLID
[ERROR]   位置: 类 com.iflow.api.core.graphql.GraphQLSchemaGenerator
[ERROR] /D:/project/java/aicoding/item/nocodeiflow/auto-api-core/src/main/java/com.iflow/api/core/graphql/GraphQLSchemaGenerator.java:[259,50] 找不到符号
[ERROR]   符号:   变量 GraphQLID
[ERROR]   位置: 类 com.iflow.api.core.graphql.GraphQLSchemaGenerator
[ERROR] /D:/project/java/aicoding/item/nocodeiflow/auto-api-core/src/main/java/com.iflow/api/core/graphql/GraphQLSchemaGenerator.java:[271,23] 找不到符号
[ERROR]   符号:   变量 GraphQLBoolean
[ERROR]   位置: 类 com.iflow.api.core.graphql.GraphQLSchemaGenerator
[ERROR] /D:/project/java/aicoding/item/nocodeiflow/auto-api-core/src/main/java/com.iflow/api/core/graphql/GraphQLSchemaGenerator.java:[274,50] 找不到符号
[ERROR]   符号:   变量 GraphQLID
[ERROR]   位置: 类 com.iflow.api.core.graphql.GraphQLSchemaGenerator
[ERROR] /D:/project/java/aicoding/item/nocodeiflow/auto-api-core/src/main/java/com.iflow/api/core/graphql/GraphQLSchemaGenerator.java:[301,21] 对于type(graphql.schema.GraphQLType), 找不到合适的方法
[ERROR]     方法 graphql.schema.GraphQLInputObjectField.Builder.type(graphql.schema.GraphQLInputObjectType.Builder)不适用
[ERROR]       (参数不匹配; graphql.schema.GraphQLType无法转换为graphql.schema.GraphQLInputObjectType.Builder)
[ERROR]     方法 graphql.schema.GraphQLInputObjectField.Builder.type(graphql.schema.GraphQLInputType)不适用
[ERROR]       (参数不匹配; graphql.schema.GraphQLType无法转换为graphql.schema.GraphQLInputType)
[ERROR] /D:/project/java/aicoding/item/nocodeiflow/auto-api-core/src/main/java/com.iflow/api/core/graphql/GraphQLSchemaGenerator.java:[337,21] 对于type(graphql.schema.GraphQLType), 找不到合适的方法
[ERROR]     方法 graphql.schema.GraphQLInputObjectField.Builder.type(graphql.schema.GraphQLInputObjectType.Builder)不适用
[ERROR]       (参数不匹配; graphql.schema.GraphQLType无法转换为graphql.schema.GraphQLInputObjectType.Builder)
[ERROR]     方法 graphql.schema.GraphQLInputObjectField.Builder.type(graphql.schema.GraphQLInputType)不适用
[ERROR]       (参数不匹配; graphql.schema.GraphQLType无法转换为graphql.schema.GraphQLInputType)
[ERROR] /D:/project/java/aicoding/item/nocodeiflow/auto-api-core/src/main/java/com.iflow/api/core/graphql/GraphQLSchemaGenerator.java:[357,37] 找不到符号
[ERROR]   符号:   方法 schemaSDL(graphql.schema.GraphQLSchema)
[ERROR]   位置: 类 graphql.schema.idl.SchemaGenerator
[ERROR] /D:/project/java/aicoding/item/nocodeiflow/auto-api-core/src/main/java/com.iflow/api/core/graphql/GraphQLSchemaGenerator.java:[368,9] 找不到符号
[ERROR]   符号:   类 TypeDefinitionRegistry
[ERROR]   位置: 类 com.iflow.api.core.graphql.GraphQLSchemaGenerator
[ERROR] /D:/project/java/aicoding/item/nocodeiflow/auto-api-core/src/main/java/com.iflow/api/core/graphql/GraphQLSchemaGenerator.java:[371,28] 不兼容的类型: com.iflow.api.core.graphql.AutoApiWiringFactory无法转换为graphql.schema.idl.WiringFactory
[ERROR] /D:/project/java/aicoding/item/nocodeiflow/auto-api-core/src/main/java/com.iflow/api/core/graphql/GraphQLQueryResolver.java:[191,22] 找不到符号
[ERROR]   符号:   类 var
[ERROR]   位置: 类 com.iflow.api.core.graphql.GraphQLQueryResolver
[ERROR] /D:/project/java/aicoding/item/nocodeiflow/auto-api-core/src/main/java/com.iflow/api/core/graphql/GraphQLQueryResolver.java:[345,35] 找不到符号
[ERROR]   符号:   方法 getName()
[ERROR]   位置: 接口 graphql.schema.GraphQLType
[ERROR] /D:/project/java/aicoding/item/nocodeiflow/auto-api-core/src/main/java/com.iflow/api/core/service/TableManagementService.java:[90,17] 找不到符号
[ERROR]   符号:   方法 setApiGenerated(boolean)
[ERROR]   位置: 类型为com.iflow.api.core.dto.view.TableInfo的变量 info
[ERROR] /D:/project/java/aicoding/item/nocodeiflow/auto-api-core/src/main/java/com.iflow/api/core/service/TableManagementService.java:[252,13] 找不到符号
[ERROR]   符号:   方法 orElseThrow(()->new Il[...]onId))
[ERROR]   位置: 类 com.iflow.api.core.entity.TableSelection
[ERROR] /D:/project/java/aicoding/item/nocodeiflow/auto-api-core/src/main/java/com.iflow/api/core/service/TableManagementService.java:[317,13] 找不到符号
[ERROR]   符号:   方法 setName(java.lang.String)
[ERROR]   位置: 类型为com.iflow.api.core.dto.view.TableInfo的变量 info
[ERROR] /D:/project/java/aicoding/item/nocodeiflow/auto-api-core/src/main/java/com.iflow/api/core/service/TableManagementService.java:[318,13] 找不到符号
[ERROR]   符号:   方法 setRemarks(java.lang.String)
[ERROR]   位置: 类型为com.iflow.api.core.dto.view.TableInfo的变量 info
[ERROR] /D:/project/java/aicoding/item/nocodeiflow/auto-api-core/src/main/java/com.iflow/api/core/service/TableManagementService.java:[319,13] 找不到符号
[ERROR]   符号:   方法 setType(java.lang.String)
[ERROR]   位置: 类型为com.iflow.api.core.dto.view.TableInfo的变量 info
[ERROR] /D:/project/java/aicoding/item/nocodeiflow/auto-api-core/src/main/java/com.iflow/api/core/service/TableManagementService.java:[320,13] 找不到符号
[ERROR]   符号:   方法 setCatalog(java.lang.String)
[ERROR]   位置: 类型为com.iflow.api.core.dto.view.TableInfo的变量 info
[ERROR] /D:/project/java/aicoding/item/nocodeiflow/auto-api-core/src/main/java/com.iflow/api/core/service/TableManagementService.java:[321,13] 找不到符号
[ERROR]   符号:   方法 setSchema(java.lang.String)
[ERROR]   位置: 类型为com.iflow.api.core.dto.view.TableInfo的变量 info
[ERROR] /D:/project/java/aicoding/item/nocodeiflow/auto-api-core/src/main/java/com.iflow/api/core/service/TableManagementService.java:[323,13] 不兼容的类型: 推论变量 T 具有不兼容的上限
[ERROR]     等式约束条件：com.iflow.api.core.dto.view.TableInfo.ColumnBrief
[ERROR]     下限：java.util.Map<java.lang.String,java.lang.Object>
[ERROR] /D:/project/java/aicoding/item/nocodeiflow/auto-api-core/src/main/java/com.iflow/api/core/service/TableManagementService.java:[357,64] 方法引用无效
[ERROR]   找不到符号
[ERROR]     符号:   方法 isSelected(T)
[ERROR]     位置: 类 com.iflow.api.core.entity.TableSelection
[ERROR] /D:/project/java/aicoding/item/nocodeiflow/auto-api-core/src/main/java/com.iflow/api/core/groovy/GroovyScriptEngine.java:[80,52] 不兼容的类型: capture#1, 共 ?无法转换为groovy.lang.Script
[ERROR] /D:/project/java/aicoding/item/nocodeiflow/auto-api-core/src/main/java/com.iflow/api/core/groovy/GroovyScriptEngine.java:[164,52] 不兼容的类型: capture#2, 共 ?无法转换为groovy.lang.Script
[ERROR] /D:/project/java/aicoding/item/nocodeiflow/auto-api-core/src/main/java/com.iflow/api/core/groovy/GroovyScriptEngine.java:[203,45] 不兼容的类型: capture#3, 共 ?无法转换为groovy.lang.Script
[ERROR] /D:/project/java/aicoding/item/nocodeiflow/auto-api-core/src/main/java/com.iflow/api/core/controller/DatasourceController.java:[45,68] 找不到符号
[ERROR]   符号:   方法 findAll()
[ERROR]   位置: 类型为com.iflow.api.core.repository.DatasourceConfigRepository的变量 datasourceConfigRepository
[ERROR] /D:/project/java/aicoding/item/nocodeiflow/auto-api-core/src/main/java/com.iflow/api/core/controller/DatasourceController.java:[75,60] 找不到符号
[ERROR]   符号:   方法 save(com.iflow.api.core.entity.DatasourceConfig)
[ERROR]   位置: 类型为com.iflow.api.core.repository.DatasourceConfigRepository的变量 datasourceConfigRepository
[ERROR] /D:/project/java/aicoding/item/nocodeiflow/auto-api-core/src/main/java/com.iflow/api/core/controller/DatasourceController.java:[104,60] 找不到符号
[ERROR]   符号:   方法 save(com.iflow.api.core.entity.DatasourceConfig)
[ERROR]   位置: 类型为com.iflow.api.core.repository.DatasourceConfigRepository的变量 datasourceConfigRepository
[ERROR] /D:/project/java/aicoding/item/nocodeiflow/auto-api-core/src/main/java/com.iflow/api/core/controller/DatasourceController.java:[117,73] 找不到符号
[ERROR]   符号:   方法 findById(java.lang.Long)
[ERROR]   位置: 类型为com.iflow.api.core.repository.DatasourceConfigRepository的变量 datasourceConfigRepository
[ERROR] /D:/project/java/aicoding/item/nocodeiflow/auto-api-core/src/main/java/com.iflow/api/core/controller/DatasourceController.java:[124,35] 找不到符号
[ERROR]   符号:   方法 save(com.iflow.api.core.entity.DatasourceConfig)
[ERROR]   位置: 类型为com.iflow.api.core.repository.DatasourceConfigRepository的变量 datasourceConfigRepository
[ERROR] /D:/project/java/aicoding/item/nocodeiflow/auto-api-core/src/main/java/com.iflow/api/core/controller/DatasourceController.java:[137,40] 找不到符号
[ERROR]   符号:   方法 existsById(java.lang.Long)
[ERROR]   位置: 类型为com.iflow.api.core.repository.DatasourceConfigRepository的变量 datasourceConfigRepository
[ERROR] -> [Help 1]
[ERROR] 
[ERROR] To see the full stack trace of the errors, re-run Maven with the -e switch.
[ERROR] Re-run Maven using the -X switch to enable full debug logging.
[ERROR] 
[ERROR] For more information about the errors and possible solutions, please read the following articles:
[ERROR] [Help 1] http://cwiki.apache.org/confluence/display/MAVEN/MojoFailureException
[ERROR] 
[ERROR] After correcting the problems, you can resume the build with the command
[ERROR]   mvn <args> -rf :auto-api-core
